Update Managed Component C20 From CMP-13271-001337-1[CL32A106KBJNNNE] To CMP-13271-001337-1[CL32A106KBJNNNE] in Jetson_power.SchDoc
Update Managed Component C21 From CMP-2007-03236-1[1u] To CMP-2007-03236-1[C0805C105K5RACTU] in Jetson_power.SchDoc
Update Managed Component C22 From CMP-2100-03606-3[u1] To CMP-2100-03606-3[CC0805KRX7R9BB104] in Jetson_power.SchDoc
Update Managed Component C23 From CMP-13271-001337-1[CL32A106KBJNNNE] To CMP-13271-001337-1[CL32A106KBJNNNE] in Jetson_power.SchDoc
Update Managed Component C24 From CMP-2007-03236-1[1u] To CMP-2007-03236-1[C0805C105K5RACTU] in Jetson_power.SchDoc
Update Managed Component C25 From CMP-2100-03606-3[u1] To CMP-2100-03606-3[CC0805KRX7R9BB104] in Jetson_power.SchDoc
Update Managed Component C26 From CMP-13271-001337-1[CL32A106KBJNNNE] To CMP-13271-001337-1[CL32A106KBJNNNE] in Jetson_power.SchDoc
Update Managed Component C27 From CMP-2007-03236-1[1u] To CMP-2007-03236-1[C0805C105K5RACTU] in Jetson_power.SchDoc
Update Managed Component C28 From CMP-2100-03606-3[u1] To CMP-2100-03606-3[CC0805KRX7R9BB104] in Jetson_power.SchDoc
Update Managed Component C29 From CMP-13271-001337-1[CL32A106KBJNNNE] To CMP-13271-001337-1[CL32A106KBJNNNE] in Jetson_power.SchDoc
Update Managed Component C30 From CMP-2007-03236-1[1u] To CMP-2007-03236-1[C0805C105K5RACTU] in Jetson_power.SchDoc
Update Managed Component C31 From CMP-2100-03606-3[u1] To CMP-2100-03606-3[CC0805KRX7R9BB104] in Jetson_power.SchDoc
Update Managed Component Cboot1 From CMP-2100-03606-3[u1] To CMP-2100-03606-3[CC0805KRX7R9BB104] in Jetson_power.SchDoc
Update Managed Component Cboot2 From CMP-2100-03606-3[u1] To CMP-2100-03606-3[CC0805KRX7R9BB104] in Jetson_power.SchDoc
Update Managed Component Ccomp1 From CMP-08246-000542-1[CGA4C2C0G1H822J060AA] To CMP-08246-000542-1[CGA4C2C0G1H822J060AA] in Jetson_power.SchDoc
Update Managed Component Ccomp2 From CMP-2008-04006-2[GRM1555C1H391JA01J] To CMP-2008-04006-2[GRM1555C1H391JA01J] in Jetson_power.SchDoc
Update Managed Component Cin1 From CMP-13271-001337-1[CL32A106KBJNNNE] To CMP-13271-001337-1[CL32A106KBJNNNE] in Jetson_power.SchDoc
Update Managed Component Cin2 From CMP-13271-001337-1[CL32A106KBJNNNE] To CMP-13271-001337-1[CL32A106KBJNNNE] in Jetson_power.SchDoc
Update Managed Component Cout1 From CMP-13271-004028-1[CL32B106KBJNNWE] To CMP-13271-004028-1[CL32B106KBJNNWE] in Jetson_power.SchDoc
Update Managed Component Cout2 From CMP-13271-004028-1[CL32B106KBJNNWE] To CMP-13271-004028-1[CL32B106KBJNNWE] in Jetson_power.SchDoc
Update Managed Component Cout3 From CMP-13271-004028-1[CL32B106KBJNNWE] To CMP-13271-004028-1[CL32B106KBJNNWE] in Jetson_power.SchDoc
Update Managed Component Csns From CMP-001-00083-1[GRM1885C1H101JA01D] To CMP-001-00083-1[GRM1885C1H101JA01D] in Jetson_power.SchDoc
Update Managed Component Css From CMP-08246-004785-1[C1608C0G1E472J080AA] To CMP-08246-004785-1[C1608C0G1E472J080AA] in Jetson_power.SchDoc
Update Managed Component Cvcc From CMP-2006-02814-2[GRM188R61C106MA73D] To CMP-2006-02814-2[GRM188R61C106MA73D] in Jetson_power.SchDoc
Update Managed Component Cvin From CMP-001-00084-1[GRM155R71C104KA88D] To CMP-001-00084-1[GRM155R71C104KA88D] in Jetson_power.SchDoc
Update Managed Component Dboot From CMP-004-00031-1[XBS053V15R-G] To CMP-004-00031-1[XBS053V15R-G] in Jetson_power.SchDoc
Update Managed Component F2 From CMP-2000-05464-2[3568] To CMP-2000-05464-2[3568] in Jetson_power.SchDoc
Update Managed Component F3 From CMP-2000-05464-2[3568] To CMP-2000-05464-2[3568] in Jetson_power.SchDoc
Update Managed Component F4 From CMP-2000-05464-2[3568] To CMP-2000-05464-2[3568] in Jetson_power.SchDoc
Update Managed Component F5 From CMP-2000-05464-2[3568] To CMP-2000-05464-2[3568] in Jetson_power.SchDoc
Update Managed Component J6 From CMP-033-000000-1[1017503] To CMP-033-000000-1[1017503] in Jetson_power.SchDoc
Update Managed Component J7 From CMP-031-000000-1[1862042] To CMP-031-000000-1[1862042] in Jetson_power.SchDoc
Update Managed Component J8 From CMP-033-000000-1[1017503] To CMP-033-000000-1[1017503] in Jetson_power.SchDoc
Update Managed Component J9 From CMP-031-000000-1[1862042] To CMP-031-000000-1[1862042] in Jetson_power.SchDoc
Update Managed Component J10 From CMP-0256-00001-1[KLDX-0202-B] To CMP-0256-00001-1[KLDX-0202-B] in Jetson_power.SchDoc
Update Managed Component L1 From CMP-006-00021-1[XAL6060-472MEB] To CMP-006-00021-1[XAL6060-472MEB] in Jetson_power.SchDoc
Update Managed Component Q1 From CMP-04962-000062-1[CSD17571Q2] To CMP-04962-000062-1[CSD17571Q2] in Jetson_power.SchDoc
Update Managed Component Q2 From CMP-04962-000062-1[CSD17571Q2] To CMP-04962-000062-1[CSD17571Q2] in Jetson_power.SchDoc
Update Managed Component Rcomp From CMP-1011-00593-3[CRCW04025K36FKED] To CMP-1011-00593-3[CRCW04025K36FKED] in Jetson_power.SchDoc
Update Managed Component Rfbb From CMP-2002-08157-2[CRCW040211K0FKED] To CMP-2002-08157-2[CRCW040211K0FKED] in Jetson_power.SchDoc
Update Managed Component Rfbt From CMP-1012-00757-1[160K 1% 0603(1608)] To CMP-1012-00757-1[160K 1% 0603(1608)] in Jetson_power.SchDoc
Update Managed Component Risns+ From CMP-2002-08143-1[CRCW040210R0FKED] To CMP-2002-08143-1[CRCW040210R0FKED] in Jetson_power.SchDoc
Update Managed Component Risns- From CMP-2002-08143-1[CRCW040210R0FKED] To CMP-2002-08143-1[CRCW040210R0FKED] in Jetson_power.SchDoc
Update Managed Component Rpg From CMP-2002-08123-3[CRCW0402100KFKED] To CMP-2002-08123-3[CRCW0402100KFKED] in Jetson_power.SchDoc
Update Managed Component Rsns1 From CMP-2003-04764-2[PRL1632-R010-F-T1] To CMP-2003-04764-2[PRL1632-R010-F-T1] in Jetson_power.SchDoc
Update Managed Component Rsns2 From CMP-2003-04764-2[PRL1632-R010-F-T1] To CMP-2003-04764-2[PRL1632-R010-F-T1] in Jetson_power.SchDoc
Update Managed Component Rt From CMP-009-00177-1[RC0201FR-07105KL] To CMP-009-00177-1[RC0201FR-07105KL] in Jetson_power.SchDoc
Update Managed Component Ruvlo1 From CMP-009-00179-1[RC0201FR-07162KL] To CMP-009-00179-1[RC0201FR-07162KL] in Jetson_power.SchDoc
Update Managed Component Ruvlo2 From CMP-009-00178-1[RC0201FR-0723K7L] To CMP-009-00178-1[RC0201FR-0723K7L] in Jetson_power.SchDoc
Update Managed Component Rvcc From CMP-2002-08486-1[CRCW04022R00FKED] To CMP-2002-08486-1[CRCW04022R00FKED] in Jetson_power.SchDoc
Update Managed Component U15 From CMP-04918-000522-1[TPS43060RTER] To CMP-04918-000522-1[TPS43060RTER] in Jetson_power.SchDoc
