Update Managed Component BLINK From CMP-2000-07123-1[SML-LX1206IC-TR] To CMP-2000-07123-1[SML-LX1206IC-TR] in MCU_IMU.SchDoc
Update Managed Component Boot1 From CMP-10040-000001-2[PTS810SJM250SMTRLFS] To CMP-10040-000001-2[PTS810SJM250SMTRLFS] in MCU_IMU.SchDoc
Update Managed Component C1 From CMP-2100-03606-3[u1] To CMP-2100-03606-3[CC0805KRX7R9BB104] in MCU_IMU.SchDoc
Update Managed Component C2 From CMP-2100-03606-3[u1] To CMP-2100-03606-3[CC0805KRX7R9BB104] in MCU_IMU.SchDoc
Update Managed Component C3 From CMP-2007-03236-1[1u] To CMP-2007-03236-1[C0805C105K5RACTU] in MCU_IMU.SchDoc
Update Managed Component C4 From CMP-2007-03236-1[1u] To CMP-2007-03236-1[C0805C105K5RACTU] in MCU_IMU.SchDoc
Update Managed Component C5 From CMP-2100-03606-3[u1] To CMP-2100-03606-3[CC0805KRX7R9BB104] in MCU_IMU.SchDoc
Update Managed Component C6 From CMP-2100-03606-3[u1] To CMP-2100-03606-3[CC0805KRX7R9BB104] in MCU_IMU.SchDoc
Update Managed Component J11 From CMP-17439-000179-1[BM02B-SRSS-TBT] To CMP-17439-000179-1[BM02B-SRSS-TBT(LF)(SN)] in MCU_IMU.SchDoc
Update Managed Component J12 From CMP-17439-000179-1[BM02B-SRSS-TBT] To CMP-17439-000179-1[BM02B-SRSS-TBT(LF)(SN)] in MCU_IMU.SchDoc
Update Managed Component J13 From CMP-17439-000179-1[BM02B-SRSS-TBT] To CMP-17439-000179-1[BM02B-SRSS-TBT(LF)(SN)] in MCU_IMU.SchDoc
Update Managed Component J14 From CMP-17439-000179-1[BM02B-SRSS-TBT] To CMP-17439-000179-1[BM02B-SRSS-TBT(LF)(SN)] in MCU_IMU.SchDoc
Update Managed Component PWR From CMP-2000-07123-1[SML-LX1206IC-TR] To CMP-2000-07123-1[SML-LX1206IC-TR] in MCU_IMU.SchDoc
Update Managed Component R1 From CMP-2100-03615-2[4k7] To CMP-2100-03615-2[CRCW08054K70FKEA] in MCU_IMU.SchDoc
Update Managed Component R2 From CMP-2100-03615-2[4k7] To CMP-2100-03615-2[CRCW08054K70FKEA] in MCU_IMU.SchDoc
Update Managed Component R3 From CMP-2100-03615-2[4k7] To CMP-2100-03615-2[CRCW08054K70FKEA] in MCU_IMU.SchDoc
Update Managed Component R4 From CMP-2100-03615-2[4k7] To CMP-2100-03615-2[CRCW08054K70FKEA] in MCU_IMU.SchDoc
Update Managed Component R5 From CMP-2100-03615-2[4k7] To CMP-2100-03615-2[CRCW08054K70FKEA] in MCU_IMU.SchDoc
Update Managed Component R6 From CMP-2100-03664-2[RC0603FR-0710KL] To CMP-2100-03664-2[RC0603FR-0710KL] in MCU_IMU.SchDoc
Update Managed Component R7 From CMP-2100-03664-2[RC0603FR-0710KL] To CMP-2100-03664-2[RC0603FR-0710KL] in MCU_IMU.SchDoc
Update Managed Component R8 From CMP-2100-03664-2[RC0603FR-0710KL] To CMP-2100-03664-2[RC0603FR-0710KL] in MCU_IMU.SchDoc
Update Managed Component R9 From CMP-2100-03664-2[RC0603FR-0710KL] To CMP-2100-03664-2[RC0603FR-0710KL] in MCU_IMU.SchDoc
Update Managed Component Reset1 From CMP-10040-000001-2[PTS810SJM250SMTRLFS] To CMP-10040-000001-2[PTS810SJM250SMTRLFS] in MCU_IMU.SchDoc
Update Managed Component U1 From CMP-025-000000-2[ESP32-S3-MINI-1-N8] To CMP-025-000000-2[ESP32-S3-MINI-1-N8] in MCU_IMU.SchDoc
Update Managed Component U2 From CMP-12756-000035-1[AP2112K-3.3TRG1] To CMP-12756-000035-1[AP2112K-3.3TRG1] in MCU_IMU.SchDoc
Update Managed Component VIN From CMP-2000-05827-1[105017-0001] To CMP-2000-05827-1[105017-0001] in MCU_IMU.SchDoc
