Removed Pin From Net: NetName=FB Pin=U15-4
Removed Pin From Net: NetName=ISNS- Pin=U15-5
Removed Pin From Net: NetName=ISNS+ Pin=U15-6
Removed Pin From Net: NetName=LDRV Pin=U15-8
Removed Pin From Net: NetName=GND Pin=U15-9
Removed Pin From Net: NetName=Vcc Pin=U15-10
Removed Pin From Net: NetName=SW Pin=U15-12
Removed Pin From Net: NetName=HDRV Pin=U15-13
Removed Pin From Net: NetName=NetRuvlo1_1 Pin=U15-15
Removed Pin From Net: NetName=GND Pin=U15-16
Removed Pin From Net: NetName=GND Pin=U15-17
Change Component DesignItemId : Designator=U1 Old DesignItemId=CMP-025-000000-1 New DesignItemId=CMP-025-000000-2
Change Footprint: Cannot match pads with new footprint in component :U1 Footprint:XCVR_ESP32-S3-MINI-1-N8
Change Component Comment : Designator=C3 Old Comment=1u New Comment=C0805C105K5RACTU
Change Component Comment : Designator=C4 Old Comment=1u New Comment=C0805C105K5RACTU
Change Component Comment : Designator=C21 Old Comment=1u New Comment=C0805C105K5RACTU
Change Component Comment : Designator=C24 Old Comment=1u New Comment=C0805C105K5RACTU
Change Component Comment : Designator=C27 Old Comment=1u New Comment=C0805C105K5RACTU
Change Component Comment : Designator=C30 Old Comment=1u New Comment=C0805C105K5RACTU
Change Component Comment : Designator=R1 Old Comment=4k7 New Comment=CRCW08054K70FKEA
Change Component Comment : Designator=R2 Old Comment=4k7 New Comment=CRCW08054K70FKEA
Change Component Comment : Designator=R3 Old Comment=4k7 New Comment=CRCW08054K70FKEA
Change Component Comment : Designator=R4 Old Comment=4k7 New Comment=CRCW08054K70FKEA
Change Component Comment : Designator=R5 Old Comment=4k7 New Comment=CRCW08054K70FKEA
Change Component Comment : Designator=R10 Old Comment=47O New Comment=RMCF0603FG47R0
Change Component Comment : Designator=R12 Old Comment=47O New Comment=RMCF0603FG47R0
Change Component Comment : Designator=R14 Old Comment=47O New Comment=RMCF0603FG47R0
Change Component Comment : Designator=R16 Old Comment=47O New Comment=RMCF0603FG47R0
Change Component Comment : Designator=J1 Old Comment=BM02B-SRSS-TBT New Comment=BM02B-SRSS-TBT(LF)(SN)
Change Component Comment : Designator=J2 Old Comment=BM02B-SRSS-TBT New Comment=BM02B-SRSS-TBT(LF)(SN)
Change Component Comment : Designator=J3 Old Comment=BM02B-SRSS-TBT New Comment=BM02B-SRSS-TBT(LF)(SN)
Change Component Comment : Designator=J4 Old Comment=BM02B-SRSS-TBT New Comment=BM02B-SRSS-TBT(LF)(SN)
Change Component Comment : Designator=J11 Old Comment=BM02B-SRSS-TBT New Comment=BM02B-SRSS-TBT(LF)(SN)
Change Component Comment : Designator=J12 Old Comment=BM02B-SRSS-TBT New Comment=BM02B-SRSS-TBT(LF)(SN)
Change Component Comment : Designator=J13 Old Comment=BM02B-SRSS-TBT New Comment=BM02B-SRSS-TBT(LF)(SN)
Change Component Comment : Designator=J14 Old Comment=BM02B-SRSS-TBT New Comment=BM02B-SRSS-TBT(LF)(SN)
Change Component Comment : Designator=C1 Old Comment=u1 New Comment=CC0805KRX7R9BB104
Change Component Comment : Designator=C2 Old Comment=u1 New Comment=CC0805KRX7R9BB104
Change Component Comment : Designator=C5 Old Comment=u1 New Comment=CC0805KRX7R9BB104
Change Component Comment : Designator=C6 Old Comment=u1 New Comment=CC0805KRX7R9BB104
Change Component Comment : Designator=C7 Old Comment=u1 New Comment=CC0805KRX7R9BB104
Change Component Comment : Designator=C8 Old Comment=u1 New Comment=CC0805KRX7R9BB104
Change Component Comment : Designator=C9 Old Comment=u1 New Comment=CC0805KRX7R9BB104
Change Component Comment : Designator=C10 Old Comment=u1 New Comment=CC0805KRX7R9BB104
Change Component Comment : Designator=C11 Old Comment=u1 New Comment=CC0805KRX7R9BB104
Change Component Comment : Designator=C12 Old Comment=u1 New Comment=CC0805KRX7R9BB104
Change Component Comment : Designator=C13 Old Comment=u1 New Comment=CC0805KRX7R9BB104
Change Component Comment : Designator=C14 Old Comment=u1 New Comment=CC0805KRX7R9BB104
Change Component Comment : Designator=C15 Old Comment=u1 New Comment=CC0805KRX7R9BB104
Change Component Comment : Designator=C16 Old Comment=u1 New Comment=CC0805KRX7R9BB104
Change Component Comment : Designator=C17 Old Comment=u1 New Comment=CC0805KRX7R9BB104
Change Component Comment : Designator=C18 Old Comment=u1 New Comment=CC0805KRX7R9BB104
Change Component Comment : Designator=C19 Old Comment=u1 New Comment=CC0805KRX7R9BB104
Change Component Comment : Designator=C22 Old Comment=u1 New Comment=CC0805KRX7R9BB104
Change Component Comment : Designator=C25 Old Comment=u1 New Comment=CC0805KRX7R9BB104
Change Component Comment : Designator=C28 Old Comment=u1 New Comment=CC0805KRX7R9BB104
Change Component Comment : Designator=C31 Old Comment=u1 New Comment=CC0805KRX7R9BB104
Change Component Comment : Designator=Cboot1 Old Comment=u1 New Comment=CC0805KRX7R9BB104
Change Component Comment : Designator=Cboot2 Old Comment=u1 New Comment=CC0805KRX7R9BB104
Change Component Description : Designator=R10 Old Description=47O ±1% 0.1W 0603 Thick Film Chip Resistor AEC-Q200 compliant RMCF0603FG47R0 New Description=47O ±1% 0.1W 0603 Thick Film Chip Resistor AEC-Q200 compliant
Change Component Description : Designator=R12 Old Description=47O ±1% 0.1W 0603 Thick Film Chip Resistor AEC-Q200 compliant RMCF0603FG47R0 New Description=47O ±1% 0.1W 0603 Thick Film Chip Resistor AEC-Q200 compliant
Change Component Description : Designator=R14 Old Description=47O ±1% 0.1W 0603 Thick Film Chip Resistor AEC-Q200 compliant RMCF0603FG47R0 New Description=47O ±1% 0.1W 0603 Thick Film Chip Resistor AEC-Q200 compliant
Change Component Description : Designator=R16 Old Description=47O ±1% 0.1W 0603 Thick Film Chip Resistor AEC-Q200 compliant RMCF0603FG47R0 New Description=47O ±1% 0.1W 0603 Thick Film Chip Resistor AEC-Q200 compliant
Change Component Description : Designator=C1 Old Description=CC0805KRX7R9BB104 CAP CER 0.1UF 50V X7R 0805 New Description=CAP CER 0.1UF 50V X7R 0805
Change Component Description : Designator=C2 Old Description=CC0805KRX7R9BB104 CAP CER 0.1UF 50V X7R 0805 New Description=CAP CER 0.1UF 50V X7R 0805
Change Component Description : Designator=C5 Old Description=CC0805KRX7R9BB104 CAP CER 0.1UF 50V X7R 0805 New Description=CAP CER 0.1UF 50V X7R 0805
Change Component Description : Designator=C6 Old Description=CC0805KRX7R9BB104 CAP CER 0.1UF 50V X7R 0805 New Description=CAP CER 0.1UF 50V X7R 0805
Change Component Description : Designator=C7 Old Description=CC0805KRX7R9BB104 CAP CER 0.1UF 50V X7R 0805 New Description=CAP CER 0.1UF 50V X7R 0805
Change Component Description : Designator=C8 Old Description=CC0805KRX7R9BB104 CAP CER 0.1UF 50V X7R 0805 New Description=CAP CER 0.1UF 50V X7R 0805
Change Component Description : Designator=C9 Old Description=CC0805KRX7R9BB104 CAP CER 0.1UF 50V X7R 0805 New Description=CAP CER 0.1UF 50V X7R 0805
Change Component Description : Designator=C10 Old Description=CC0805KRX7R9BB104 CAP CER 0.1UF 50V X7R 0805 New Description=CAP CER 0.1UF 50V X7R 0805
Change Component Description : Designator=C11 Old Description=CC0805KRX7R9BB104 CAP CER 0.1UF 50V X7R 0805 New Description=CAP CER 0.1UF 50V X7R 0805
Change Component Description : Designator=C12 Old Description=CC0805KRX7R9BB104 CAP CER 0.1UF 50V X7R 0805 New Description=CAP CER 0.1UF 50V X7R 0805
Change Component Description : Designator=C13 Old Description=CC0805KRX7R9BB104 CAP CER 0.1UF 50V X7R 0805 New Description=CAP CER 0.1UF 50V X7R 0805
Change Component Description : Designator=C14 Old Description=CC0805KRX7R9BB104 CAP CER 0.1UF 50V X7R 0805 New Description=CAP CER 0.1UF 50V X7R 0805
Change Component Description : Designator=C15 Old Description=CC0805KRX7R9BB104 CAP CER 0.1UF 50V X7R 0805 New Description=CAP CER 0.1UF 50V X7R 0805
Change Component Description : Designator=C16 Old Description=CC0805KRX7R9BB104 CAP CER 0.1UF 50V X7R 0805 New Description=CAP CER 0.1UF 50V X7R 0805
Change Component Description : Designator=C17 Old Description=CC0805KRX7R9BB104 CAP CER 0.1UF 50V X7R 0805 New Description=CAP CER 0.1UF 50V X7R 0805
Change Component Description : Designator=C18 Old Description=CC0805KRX7R9BB104 CAP CER 0.1UF 50V X7R 0805 New Description=CAP CER 0.1UF 50V X7R 0805
Change Component Description : Designator=C19 Old Description=CC0805KRX7R9BB104 CAP CER 0.1UF 50V X7R 0805 New Description=CAP CER 0.1UF 50V X7R 0805
Change Component Description : Designator=C22 Old Description=CC0805KRX7R9BB104 CAP CER 0.1UF 50V X7R 0805 New Description=CAP CER 0.1UF 50V X7R 0805
Change Component Description : Designator=C25 Old Description=CC0805KRX7R9BB104 CAP CER 0.1UF 50V X7R 0805 New Description=CAP CER 0.1UF 50V X7R 0805
Change Component Description : Designator=C28 Old Description=CC0805KRX7R9BB104 CAP CER 0.1UF 50V X7R 0805 New Description=CAP CER 0.1UF 50V X7R 0805
Change Component Description : Designator=C31 Old Description=CC0805KRX7R9BB104 CAP CER 0.1UF 50V X7R 0805 New Description=CAP CER 0.1UF 50V X7R 0805
Change Component Description : Designator=Cboot1 Old Description=CC0805KRX7R9BB104 CAP CER 0.1UF 50V X7R 0805 New Description=CAP CER 0.1UF 50V X7R 0805
Change Component Description : Designator=Cboot2 Old Description=CC0805KRX7R9BB104 CAP CER 0.1UF 50V X7R 0805 New Description=CAP CER 0.1UF 50V X7R 0805
Change Component Description : Designator=R1 Old Description=CRCW08054K70FKEARES Thick Film, 4.7kO, 1%, 0.125W, 100ppm/°C, 0805 New Description=RES Thick Film, 4.7kO, 1%, 0.125W, 100ppm/°C, 0805
Change Component Description : Designator=R2 Old Description=CRCW08054K70FKEARES Thick Film, 4.7kO, 1%, 0.125W, 100ppm/°C, 0805 New Description=RES Thick Film, 4.7kO, 1%, 0.125W, 100ppm/°C, 0805
Change Component Description : Designator=R3 Old Description=CRCW08054K70FKEARES Thick Film, 4.7kO, 1%, 0.125W, 100ppm/°C, 0805 New Description=RES Thick Film, 4.7kO, 1%, 0.125W, 100ppm/°C, 0805
Change Component Description : Designator=R4 Old Description=CRCW08054K70FKEARES Thick Film, 4.7kO, 1%, 0.125W, 100ppm/°C, 0805 New Description=RES Thick Film, 4.7kO, 1%, 0.125W, 100ppm/°C, 0805
Change Component Description : Designator=R5 Old Description=CRCW08054K70FKEARES Thick Film, 4.7kO, 1%, 0.125W, 100ppm/°C, 0805 New Description=RES Thick Film, 4.7kO, 1%, 0.125W, 100ppm/°C, 0805
Change Managed Component Library Link : Designator=U1 Old VaultGUID=70284925-3BE7-4A25-A5D1-70C7BC6AC508 New VaultGUID=70284925-3BE7-4A25-A5D1-70C7BC6AC508 Old ItemGUID=34F374F7-654C-4A18-8666-4A7CCD0AE171 New ItemGUID=34F374F7-654C-4A18-8666-4A7CCD0AE171 Old RevisionGUID=7BBCBCFE-5D48-4637-8424-EE835E4CB461 New RevisionGUID=14d139dd-9fdd-455f-b928-4e3d82feebcf
Change component parameters: Designator = "U1" ("U1"); Footprint = "XCVR_ESP32-S3-MINI-1-N8"; UniqueID = "\ZYWNHKTH" ("\ZYWNHKTH")
Change component parameters (AddParameter): Name = "Component Type"; Value = "Standard"; VariantName = "[No Variations]"
Change component parameters (AddParameter): Name = "Design Item ID"; Value = "ESP32-S3-MINI-1-N8"; VariantName = "[No Variations]"
Change component parameters (AddParameter): Name = "MF"; Value = "{'manufacturer': u'Espressif Systems'}"; VariantName = "[No Variations]"
Change component parameters (AddParameter): Name = "MP"; Value = "ESP32-S3-MINI-1-N8"; VariantName = "[No Variations]"
Change component parameters (AddParameter): Name = "Package"; Value = "None"; VariantName = "[No Variations]"
Change component parameters (AddParameter): Name = "Parameter 1"; Value = ""; VariantName = "[No Variations]"
Change component parameters (AddParameter): Name = "Pin Count"; Value = "73"; VariantName = "[No Variations]"
Change component parameters (AddParameter): Name = "Price"; Value = "None"; VariantName = "[No Variations]"
Change component parameters (AddParameter): Name = "Source"; Value = "ESP32-S3-MINI-1-N8.SchLib"; VariantName = "[No Variations]"
Change component parameters (AddParameter): Name = "Value"; Value = ""; VariantName = "[No Variations]"
Add Pin To Net: Unknown Pin: Pin C4-1
Add Pin To Net: Unknown Pin: Pin Css-2
Add Pin To Net: Unknown Pin: Pin Rt-2
Add Pin To Net: Unknown Pin: Pin U1-61_4
Add Pin To Net: Unknown Pin: Pin U1-61
Added Pin To Net: NetName=Vcc Pin=U15-8
Added Pin To Net: NetName=HDRV Pin=U15-9
Added Pin To Net: NetName=GND Pin=U15-12
Added Pin To Net: NetName=NetRuvlo1_1 Pin=U15-14
Added Pin To Net: NetName=ISNS+ Pin=U15-15
Added Pin To Net: NetName=LDRV Pin=U15-16
Added Pin To Net: NetName=FB Pin=U15-17
