Added Component: Designator=U1(XCVR_ESP32-S3-MINI-1-N8)
Add component (AddParameter): Name = "Component Type"; Value = "Standard"; VariantName = "[No Variations]"
Add component (AddParameter): Name = "Design Item ID"; Value = "ESP32-S3-MINI-1-N8"; VariantName = "[No Variations]"
Add component (AddParameter): Name = "MF"; Value = "{'manufacturer': u'Espressif Systems'}"; VariantName = "[No Variations]"
Add component (AddParameter): Name = "MP"; Value = "ESP32-S3-MINI-1-N8"; VariantName = "[No Variations]"
Add component (AddParameter): Name = "Package"; Value = "None"; VariantName = "[No Variations]"
Add component (AddParameter): Name = "Parameter 1"; Value = ""; VariantName = "[No Variations]"
Add component (AddParameter): Name = "Pin Count"; Value = "73"; VariantName = "[No Variations]"
Add component (AddParameter): Name = "Price"; Value = "None"; VariantName = "[No Variations]"
Add component (AddParameter): Name = "Source"; Value = "ESP32-S3-MINI-1-N8.SchLib"; VariantName = "[No Variations]"
Add component (AddParameter): Name = "Value"; Value = ""; VariantName = "[No Variations]"
Add Pin To Net: Unknown Pin: Pin C4-1
Add Pin To Net: Unknown Pin: Pin Css-2
Add Pin To Net: Unknown Pin: Pin Rt-2
Added Pin To Net: NetName=GND Pin=U1-1
Added Pin To Net: NetName=GND Pin=U1-2
Added Pin To Net: NetName=3V3 Pin=U1-3
Added Pin To Net: NetName=NetBoot1_3 Pin=U1-4
Added Pin To Net: NetName=GPIO1 Pin=U1-5
Added Pin To Net: NetName=GPIO2 Pin=U1-6
Added Pin To Net: NetName=GPIO4 Pin=U1-8
Added Pin To Net: NetName=GPIO5 Pin=U1-9
Added Pin To Net: NetName=GPIO6 Pin=U1-10
Added Pin To Net: NetName=GPIO7 Pin=U1-11
Added Pin To Net: NetName=SDA Pin=U1-12
Added Pin To Net: NetName=SCL Pin=U1-13
Added Pin To Net: NetName=RX1 Pin=U1-15
Added Pin To Net: NetName=TX1 Pin=U1-16
Added Pin To Net: NetName=RX2 Pin=U1-17
Added Pin To Net: NetName=TX2 Pin=U1-18
Added Pin To Net: NetName=GPIO17 Pin=U1-21
Added Pin To Net: NetName=Blink Pin=U1-22
Added Pin To Net: NetName=D- Pin=U1-23
Added Pin To Net: NetName=D+ Pin=U1-24
Added Pin To Net: NetName=GND Pin=U1-42
Added Pin To Net: NetName=GND Pin=U1-43
Added Pin To Net: NetName=GND Pin=U1-45
Added Pin To Net: NetName=GND Pin=U1-46
Added Pin To Net: NetName=GND Pin=U1-47
Added Pin To Net: NetName=GND Pin=U1-48
Added Pin To Net: NetName=GND Pin=U1-49
Added Pin To Net: NetName=GND Pin=U1-50
Added Pin To Net: NetName=GND Pin=U1-51
Added Pin To Net: NetName=GND Pin=U1-52
Added Pin To Net: NetName=GND Pin=U1-53
Added Pin To Net: NetName=GND Pin=U1-54
Added Pin To Net: NetName=GND Pin=U1-55
Added Pin To Net: NetName=GND Pin=U1-56
Added Pin To Net: NetName=GND Pin=U1-57
Added Pin To Net: NetName=GND Pin=U1-58
Added Pin To Net: NetName=GND Pin=U1-59
Added Pin To Net: NetName=GND Pin=U1-60
Added Pin To Net: NetName=GND Pin=U1-61_1
Added Pin To Net: NetName=GND Pin=U1-61_2
Added Pin To Net: NetName=GND Pin=U1-61_3
Added Pin To Net: NetName=GND Pin=U1-61_4
Added Pin To Net: NetName=GND Pin=U1-61_5
Added Pin To Net: NetName=GND Pin=U1-61_6
Added Pin To Net: NetName=GND Pin=U1-61_7
Added Pin To Net: NetName=GND Pin=U1-61_8
Added Pin To Net: NetName=GND Pin=U1-61
Added Pin To Net: NetName=GND Pin=U1-62
Added Pin To Net: NetName=GND Pin=U1-63
Added Pin To Net: NetName=GND Pin=U1-64
Added Pin To Net: NetName=GND Pin=U1-65
Added Member To Class: ClassName=MCU_IMU Member=Component U1 ESP32-S3-MINI-1-N8
