Removed Pin From Net: NetName=11V1_F4 Pin=J8-1_1
Removed Pin From Net: NetName=11V1_F4 Pin=J8-1_2
Removed Pin From Net: NetName=GND Pin=J8-2_1
Removed Pin From Net: NetName=GND Pin=J8-2_2
Removed Pin From Net: NetName=11V1_F5 Pin=J9-1_1
Removed Pin From Net: NetName=11V1_F5 Pin=J9-1_2
Removed Pin From Net: NetName=GND Pin=J9-2_1
Removed Pin From Net: NetName=GND Pin=J9-2_2
Change Footprint: Cannot match pads with new footprint in component :U1 Footprint:XCVR_ESP32-S3-MINI-1-N8
Add Pin To Net: Unknown Pin: Pin C4-1
Add Pin To Net: Unknown Pin: Pin Css-2
Added Pin To Net: NetName=GND Pin=J8-1_1
Added Pin To Net: NetName=GND Pin=J8-1_2
Added Pin To Net: NetName=11V1_F4 Pin=J8-2_1
Added Pin To Net: NetName=11V1_F4 Pin=J8-2_2
Added Pin To Net: NetName=GND Pin=J9-1_1
Added Pin To Net: NetName=GND Pin=J9-1_2
Added Pin To Net: NetName=11V1_F5 Pin=J9-2_1
Added Pin To Net: NetName=11V1_F5 Pin=J9-2_2
Add Pin To Net: Unknown Pin: Pin Rt-2
Add Pin To Net: Unknown Pin: Pin U1-61_4
Add Pin To Net: Unknown Pin: Pin U1-61
