Update Managed Component C7 From CMP-2100-03606-3[u1] To CMP-2100-03606-3[CC0805KRX7R9BB104] in UART_LOGIC.SchDoc
Update Managed Component C8 From CMP-2100-03606-3[u1] To CMP-2100-03606-3[CC0805KRX7R9BB104] in UART_LOGIC.SchDoc
Update Managed Component C9 From CMP-2100-03606-3[u1] To CMP-2100-03606-3[CC0805KRX7R9BB104] in UART_LOGIC.SchDoc
Update Managed Component C10 From CMP-2100-03606-3[u1] To CMP-2100-03606-3[CC0805KRX7R9BB104] in UART_LOGIC.SchDoc
Update Managed Component C11 From CMP-2100-03606-3[u1] To CMP-2100-03606-3[CC0805KRX7R9BB104] in UART_LOGIC.SchDoc
Update Managed Component C12 From CMP-2100-03606-3[u1] To CMP-2100-03606-3[CC0805KRX7R9BB104] in UART_LOGIC.SchDoc
Update Managed Component C13 From CMP-2100-03606-3[u1] To CMP-2100-03606-3[CC0805KRX7R9BB104] in UART_LOGIC.SchDoc
Update Managed Component C14 From CMP-2100-03606-3[u1] To CMP-2100-03606-3[CC0805KRX7R9BB104] in UART_LOGIC.SchDoc
Update Managed Component C15 From CMP-2100-03606-3[u1] To CMP-2100-03606-3[CC0805KRX7R9BB104] in UART_LOGIC.SchDoc
Update Managed Component C16 From CMP-2100-03606-3[u1] To CMP-2100-03606-3[CC0805KRX7R9BB104] in UART_LOGIC.SchDoc
Update Managed Component C17 From CMP-2100-03606-3[u1] To CMP-2100-03606-3[CC0805KRX7R9BB104] in UART_LOGIC.SchDoc
Update Managed Component C18 From CMP-2100-03606-3[u1] To CMP-2100-03606-3[CC0805KRX7R9BB104] in UART_LOGIC.SchDoc
Update Managed Component C19 From CMP-2100-03606-3[u1] To CMP-2100-03606-3[CC0805KRX7R9BB104] in UART_LOGIC.SchDoc
Update Managed Component J1 From CMP-17439-000179-1[BM02B-SRSS-TBT] To CMP-17439-000179-1[BM02B-SRSS-TBT(LF)(SN)] in UART_LOGIC.SchDoc
Update Managed Component J2 From CMP-17439-000179-1[BM02B-SRSS-TBT] To CMP-17439-000179-1[BM02B-SRSS-TBT(LF)(SN)] in UART_LOGIC.SchDoc
Update Managed Component J3 From CMP-17439-000179-1[BM02B-SRSS-TBT] To CMP-17439-000179-1[BM02B-SRSS-TBT(LF)(SN)] in UART_LOGIC.SchDoc
Update Managed Component J4 From CMP-17439-000179-1[BM02B-SRSS-TBT] To CMP-17439-000179-1[BM02B-SRSS-TBT(LF)(SN)] in UART_LOGIC.SchDoc
Update Managed Component R10 From CMP-26527-000678-1[47O] To CMP-26527-000678-1[RMCF0603FG47R0] in UART_LOGIC.SchDoc
Update Managed Component R11 From CMP-2100-03664-2[RC0603FR-0710KL] To CMP-2100-03664-2[RC0603FR-0710KL] in UART_LOGIC.SchDoc
Update Managed Component R12 From CMP-26527-000678-1[47O] To CMP-26527-000678-1[RMCF0603FG47R0] in UART_LOGIC.SchDoc
Update Managed Component R13 From CMP-2100-03664-2[RC0603FR-0710KL] To CMP-2100-03664-2[RC0603FR-0710KL] in UART_LOGIC.SchDoc
Update Managed Component R14 From CMP-26527-000678-1[47O] To CMP-26527-000678-1[RMCF0603FG47R0] in UART_LOGIC.SchDoc
Update Managed Component R15 From CMP-2100-03664-2[RC0603FR-0710KL] To CMP-2100-03664-2[RC0603FR-0710KL] in UART_LOGIC.SchDoc
Update Managed Component R16 From CMP-26527-000678-1[47O] To CMP-26527-000678-1[RMCF0603FG47R0] in UART_LOGIC.SchDoc
Update Managed Component R17 From CMP-2100-03664-2[RC0603FR-0710KL] To CMP-2100-03664-2[RC0603FR-0710KL] in UART_LOGIC.SchDoc
Update Managed Component U6 From CMP-04903-000086-1[SN74LVC2G04DBVRG4] To CMP-04903-000086-1[SN74LVC2G04DBVRG4] in UART_LOGIC.SchDoc
